{
  "candidates": {
    "learnable_percentile_99.9": {
      "metrics": {
        "activation_cosine": 0.996871292591095,
        "activation_nmse": 0.006406775675714016,
        "output_cosine": 0.9971997141838074,
        "output_nmse": 0.005593234207481146
      },
      "optimization": {
        "final_loss": 0.005370935890823603,
        "initial_loss": 0.009495730511844158,
        "steps": 100
      },
      "params": {
        "clip_max": 7.942303657531738,
        "clip_min": -7.880254410207272,
        "method": "learnable",
        "percentile": 99.9,
        "quant_max": 255,
        "quant_min": 0,
        "scale": 0.062049247324466705,
        "warm_start_method": "percentile",
        "zero_point": 127
      },
      "saturation_fraction": 0.00045522055006586015
    },
    "max_min": {
      "metrics": {
        "activation_cosine": 0.9991183280944824,
        "activation_nmse": 0.0017658183351159096,
        "output_cosine": 0.9978690147399902,
        "output_nmse": 0.004276112653315067
      },
      "params": {
        "clip_max": 11.754901960784313,
        "clip_min": -15.495098039215685,
        "method": "max_min",
        "percentile": null,
        "quant_max": 255,
        "quant_min": 0,
        "scale": 0.10686274509803921,
        "warm_start_method": null,
        "zero_point": 145
      },
      "saturation_fraction": 1.52587890625e-05
    },
    "mean_3sigma": {
      "metrics": {
        "activation_cosine": 0.941859781742096,
        "activation_nmse": 0.12758667767047882,
        "output_cosine": 0.9605740904808044,
        "output_nmse": 0.08020611852407455
      },
      "params": {
        "clip_max": 2.2483264993218817,
        "clip_min": -2.1960398365469542,
        "method": "mean_3sigma",
        "percentile": null,
        "quant_max": 255,
        "quant_min": 0,
        "scale": 0.017428887591642492,
        "warm_start_method": null,
        "zero_point": 126
      },
      "saturation_fraction": 0.01979573629796505
    },
    "percentile_99": {
      "metrics": {
        "activation_cosine": 0.9642364382743835,
        "activation_nmse": 0.07685092091560364,
        "output_cosine": 0.9784847497940063,
        "output_nmse": 0.043295715004205704
      },
      "params": {
        "clip_max": 3.0897058823529413,
        "clip_min": -2.8790441176470587,
        "method": "percentile",
        "percentile": 99.0,
        "quant_max": 255,
        "quant_min": 0,
        "scale": 0.02340686274509804,
        "warm_start_method": null,
        "zero_point": 123
      },
      "saturation_fraction": 0.010302226059138775
    },
    "percentile_99.9": {
      "metrics": {
        "activation_cosine": 0.9903228282928467,
        "activation_nmse": 0.019999969750642776,
        "output_cosine": 0.9945606589317322,
        "output_nmse": 0.010854164138436317
      },
      "params": {
        "clip_max": 5.614196059283088,
        "clip_min": -5.570335152569939,
        "method": "percentile",
        "percentile": 99.9,
        "quant_max": 255,
        "quant_min": 0,
        "scale": 0.04386090671314913,
        "warm_start_method": null,
        "zero_point": 127
      },
      "saturation_fraction": 0.00109100341796875
    },
    "percentile_99.99": {
      "metrics": {
        "activation_cosine": 0.9990848898887634,
        "activation_nmse": 0.0018349374877288938,
        "output_cosine": 0.9983105659484863,
        "output_nmse": 0.0033793174661695957
      },
      "params": {
        "clip_max": 9.659666674744848,
        "clip_min": -11.215036732542748,
        "method": "percentile",
        "percentile": 99.99,
        "quant_max": 255,
        "quant_min": 0,
        "scale": 0.08186158198936312,
        "warm_start_method": null,
        "zero_point": 137
      },
      "saturation_fraction": 0.00012715658522211015
    }
  },
  "contract": {
    "activation": "static affine A8 per tensor",
    "activation_quant_max": 255,
    "activation_quant_min": 0,
    "rotation": "none",
    "weight": "LPBQ W4 G32",
    "weight_layout": "OI oracle; export HWIO separately",
    "zero_point": "fixed integer per candidate"
  },
  "environment": {
    "cuda": true,
    "device": "cuda",
    "torch": "2.11.0+cu128"
  },
  "inputs": {
    "dtype": "torch.float32",
    "eval_shape": [
      192,
      2048
    ],
    "eval_split": "held_out",
    "fit_shape": [
      127,
      2048
    ],
    "fit_split": "train",
    "source_key": "layer_13.o_proj_input"
  },
  "w4a16": {
    "eval_shape": [
      192,
      2048
    ],
    "fit_shape": [
      127,
      2048
    ]
  },
  "weight": {
    "group_size": 32,
    "scale1_shape": [
      2048,
      64
    ],
    "scale2_shape": [
      2048
    ],
    "shape": [
      2048,
      2048
    ],
    "source_key": "model.layers.13.self_attn.o_proj.weight",
    "weight_nmse": 0.01068093441426754
  }
}
